XXXXXXXXXXXXXXXXXXXXXXXXXXXXXXXXXXXXXXXXXXXXXXXXXXXXXXXXXXXXXXXXXXXXXXXXXXXXXX
X     XXXXXXX         XX                                XXXXXXXXXXXXXXXXXXXXXX
X                XXXXXXXXXXXXXXXXXXXXXXXX                                XXXXX
XX                       XXXXXXXXXXXXXXXXXX       XXXXXXXXXXXXXXXXXXXXXXXXXXXX
XXXX  XXXXX       XXX               XXXXXX   XXXXXXXXXXXXXXXXXXXXXXXXXXXXX    
XXXX  XXXXXXXXXXX      X          XXXXXXXXXXX           XXXXXXXXXXXXXXXXXX   X
XXXXX     XXXXXXXXXXX XXXXXXXXXXX                     XX           XXXX X   XX
XXXXXXX    XXXXXXXXX  XXXXXXXXXXXXXXXXXXXXXXXXXXXXXXXXXXXXXXX     XXXXX X XXXX
XXXXXXX   XXXXXX     XX       XXXXXXXXXXXXXXXXXXXXXXXX              XX  X XXXX
XXXXX     XXXXXXXX         XXXXXXXXXXXXXXXXXXXXXXXXXXX   XXXXXX    XXXX  XXXXX
XXXXXXXX  XXXXXXXXXX   XXX     XXXXXXXXXXXXXXXXXXXXXXXX     XXXX        XXXXXX
XXXXXXXXX      XXXXX   XXXXXXXXXXXXXXXX           XXXXXXXXX  XXXXXXXXXXXXXXXXX
XXXXXXXXXXXXXX   X    XXXXXXXXXXXXXXXXXXXX    XXX XXXXXXXXXXX     XXXXXXXXXXXX
XXXXXXXXXXXXXXXX   XXXXXXXXXXXXXXXXXXXXXXXXXXX  XX             XXXXXXXXXXXXXXX
XXXXXXXXXXXXXXXXXXXXXXXXXXXXXXXXXXXXXXXXXXXXXX      XXXXXXXXXXXXXXXXXXXXXXXXXX
